time,x
2013-05-20 00:00:00,10.000000
2013-05-20 01:00:00,3.333333
2013-05-20 02:00:00,1.111111
2013-05-20 03:00:00,0.370370
2013-05-20 04:00:00,0.123457
2013-05-20 05:00:00,0.041152
